---
created: "2019-08-08T00:48:33.502257600Z"
creator: insta@0.10.0
source: rojo-test/src/build_test.rs
expression: contents
---
<roblox version="4">
  <Item class="Folder" referent="0">
    <Properties>
      <string name="Name">txt_in_folder</string>
    </Properties>
    <Item class="StringValue" referent="1">
      <Properties>
        <string name="Name">foo</string>
        <string name="Value"></string>
      </Properties>
    </Item>
  </Item>
</roblox>
