---
created: "2019-08-16T19:36:55.442461700Z"
creator: insta@0.10.0
source: rojo-test/src/build_test.rs
expression: contents
---
<roblox version="4">
  <Item class="ModuleScript" referent="0">
    <Properties>
      <string name="Name">module_init</string>
      <string name="Source">return "From folder/init.lua"</string>
    </Properties>
  </Item>
</roblox>
