---
created: "2019-08-09T00:17:42.175575800Z"
creator: insta@0.10.0
source: rojo-test/src/build_test.rs
expression: contents
---
<roblox version="4">
  <Item class="Folder" referent="0">
    <Properties>
      <string name="Name">plain_gitkeep</string>
    </Properties>
  </Item>
</roblox>
