---
source: rojo-test/src/build_test.rs
expression: contents
---
<roblox version="4">
  <Item class="Folder" referent="0">
    <Properties>
      <string name="Name">server_in_folder</string>
    </Properties>
    <Item class="Script" referent="1">
      <Properties>
        <string name="Name">serverScript</string>
        <string name="Source">-- This is a Lua server script</string>
      </Properties>
    </Item>
  </Item>
</roblox>
