---
source: rojo-test/src/build_test.rs
expression: contents
---
<roblox version="4">
  <Item class="Folder" referent="0">
    <Properties>
      <string name="Name">gitkeep</string>
    </Properties>
  </Item>
</roblox>
