---
source: rojo-test/src/build_test.rs
expression: contents
---
<roblox version="4">
  <Item class="Model" referent="0">
    <Properties>
      <string name="Name">init_meta_class_name</string>
    </Properties>
  </Item>
</roblox>
