---
source: src/snapshot_middleware/txt.rs
expression: instance_snapshot
---
snapshot_id: ~
metadata:
  ignore_unknown_instances: false
  contributing_paths:
    - /foo.txt
name: foo
class_name: StringValue
properties:
  Value:
    Type: String
    Value: Hello there!
children: []
