---
source: src/snapshot_middleware/project.rs
expression: instance_snapshot
---
snapshot_id: ~
metadata:
  ignore_unknown_instances: true
  instigating_source:
    Path: /foo/default.project.json
  relevant_paths:
    - /foo/default.project.json
  context:
    ignore_paths: []
name: resolved-properties
class_name: StringValue
properties:
  Value:
    Type: String
    Value: "Hello, world!"
children: []
