---
source: src/snapshot_middleware/project.rs
expression: instance_snapshot
---
snapshot_id: ~
metadata:
  ignore_unknown_instances: false
  contributing_paths:
    - /foo/default.project.json
    - /foo/other.txt
name: path-project
class_name: StringValue
properties:
  Value:
    Type: String
    Value: "Hello, world!"
children: []
