---
source: src/snapshot_middleware/lua.rs
expression: instance_snapshot
---
snapshot_id: ~
metadata:
  ignore_unknown_instances: false
  instigating_source:
    Path: /foo.client.lua
  relevant_paths:
    - /foo.client.lua
    - /foo.meta.json
  context:
    ignore_paths: []
name: foo
class_name: LocalScript
properties:
  Source:
    Type: String
    Value: Hello there!
children: []
