---
source: src/snapshot_middleware/project.rs
expression: instance_snapshot
---
snapshot_id: ~
metadata:
  ignore_unknown_instances: true
  contributing_paths:
    - /foo/other.project.json
    - /foo/default.project.json
name: path-project
class_name: Model
properties: {}
children: []
