---
source: rojo-test/src/serve_test.rs
expression: "subscribe_response.intern_and_redact(&mut redactions, ())"
---
messageCursor: 1
messages:
  - added: {}
    removed: []
    updated:
      - changedClassName: ~
        changedMetadata: ~
        changedName: ~
        changedProperties:
          Source:
            Type: String
            Value: Updated foo!
        id: id-4
sessionId: id-1
