---
source: src/snapshot/tests/apply.rs
expression: tree_value
---
id: id-1
name: ROOT
class_name: ROOT
properties: {}
metadata:
  ignore_unknown_instances: false
  relevant_paths: []
children: []