---
source: src/serve_session.rs
expression: "view_tree(&session.tree(), &mut rm)"
---
id: id-1
name: HelloWorld
class_name: Folder
properties: {}
metadata:
  ignore_unknown_instances: false
  instigating_source:
    Path: /foo/default.project.json
  relevant_paths:
    - /foo/src
    - /foo/src/init.meta.json
    - /foo/src/init.lua
    - /foo/src/init.server.lua
    - /foo/src/init.client.lua
    - /foo/default.project.json
  context:
    path_ignore_glob: []
children:
  - id: id-2
    name: hello
    class_name: StringValue
    properties:
      Value:
        Type: String
        Value: "Hello, world!"
    metadata:
      ignore_unknown_instances: false
      instigating_source:
        Path: /foo/src/hello.txt
      relevant_paths:
        - /foo/src/hello.txt
        - /foo/src/hello.meta.json
      context:
        path_ignore_glob: []
    children: []
